../Core/Src/main.c:76:7:synth_sawtooth	40	static
../Core/Src/main.c:80:7:synth_triangle	40	static
../Core/Src/main.c:84:7:get_am	32	static
../Core/Src/main.c:92:7:get_fm	24	static
../Core/Src/main.c:97:6:HAL_ADC_ConvCpltCallback	16	static
../Core/Src/main.c:113:5:main	16	static
../Core/Src/main.c:181:6:SystemClock_Config	88	static
../Core/Src/main.c:227:13:MX_ADC1_Init	24	static
../Core/Src/main.c:274:13:MX_USART2_UART_Init	8	static
../Core/Src/main.c:305:13:MX_DMA_Init	16	static
../Core/Src/main.c:323:13:MX_GPIO_Init	24	static
../Core/Src/main.c:346:6:Error_Handler	4	static,ignoring_inline_asm
